[00:24:34] 啟動 Chromium...
  載入 12 個 cookies

=== 搜尋頁（15/21 個，跳過 6）===
[00:24:35] [1/21] 搜尋: "apple watch" ($1000-$5000)
  URL: https://tw.carousell.com/search/apple%20watch?addRecent=false&layered_condition=3%2C4%2C7&price_end=5000&price_start=1000&sort_by=3
  頁面標題: apple watch - View all apple watch ads in Carousell Taiwan
  抓到 48 筆（3天內: 19 筆）
    → NT$3,300 Apple watch S7 41mm 🔋 電池91%（沒換過❗️ ） [_chefffff] 52 minutes ago
    → NT$1,500 Apple Watch s11 全新未開封 粉色M/L (42mm)錶帶 [yuyu_2024] 6 hours ago
    → NT$3,500 Apple Watch 6 44mm [marco0206011423] 13 hours ago
  等待 17.7s...
[00:25:01] [2/21] 搜尋: "空氣清淨機" ($500-$3000)
  URL: https://tw.carousell.com/search/%E7%A9%BA%E6%B0%A3%E6%B8%85%E6%B7%A8%E6%A9%9F?addRecent=false&layered_condition=3%2C4%2C7&price_end=3000&price_start=500&sort_by=3
  頁面標題: 空氣清淨機 - View all 空氣清淨機 ads in Carousell Taiwan
  抓到 48 筆（3天內: 10 筆）
    → NT$1,000 富士空氣清淨機 [wayneshen168] 4 hours ago
    → NT$2,280 Dyson tp04空氣清淨機 [pfg011370324] 11 hours ago
    → NT$1,000 美國Honeywell 舒淨空氣清淨機 HPA030WTW (適用坪數4.5-9 [atx9968] 1 day ago
  等待 23.4s...
[00:25:31] [3/21] 跳過: "投影機"（本輪隨機跳過）
[00:25:31] [4/21] 搜尋: "喇叭" ($2000-$10000)
  URL: https://tw.carousell.com/search/%E5%96%87%E5%8F%AD?addRecent=false&layered_condition=3%2C4%2C7&price_end=10000&price_start=2000&sort_by=3
  頁面標題: 喇叭 - View all 喇叭 ads in Carousell Taiwan
  抓到 48 筆（3天內: 14 筆）
    → NT$3,100 b&o beoplay p2 可攜式 無線藍牙 喇叭音響 功能正常 支援App連 [zhogood] 19 minutes ago
    → NT$3,000 Sony SRS-XB41 藍牙喇叭 [yuchieh_0.8.6.] 49 minutes ago
    → NT$2,290 NO:3293#Coral 喇叭組CS-8800S [yuan712] 2 hours ago
  等待 19.4s...
[00:25:57] [5/21] 搜尋: "音響" ($2000-$10000)
  URL: https://tw.carousell.com/search/%E9%9F%B3%E9%9F%BF?addRecent=false&layered_condition=3%2C4%2C7&price_end=10000&price_start=2000&sort_by=3
  頁面標題: 音響 - View all 音響 ads in Carousell Taiwan
  抓到 48 筆（3天內: 18 筆）
    → NT$3,100 b&o beoplay p2 可攜式 無線藍牙 喇叭音響 功能正常 支援App連 [zhogood] 20 minutes ago
    → NT$7,800 【英國經典】Tannoy C-88 落地主喇叭 被動式音響 雙低音單體 劇院首選 [stevecho] 6 hours ago
    → NT$3,500 音響也可當藍牙音響 [kiwi__hao] 8 hours ago
  等待 22.0s...
[00:26:26] [6/21] 搜尋: "立燈" ($1000-$10000)
  URL: https://tw.carousell.com/search/%E7%AB%8B%E7%87%88?addRecent=false&layered_condition=3%2C4%2C7&price_end=10000&price_start=1000&sort_by=3
  頁面標題: 立燈 - View all 立燈 ads in Carousell Taiwan
  抓到 48 筆（3天內: 4 筆）
    → NT$1,280 早期品 璀璨拾光 復古流蘇水晶燈 桌燈 立燈 vintage 擺飾 道具 [orangepu3388] 3 hours ago
    → NT$1,580 木頭色 陶瓷大圓胖 老品 桌上型 美術燈 檯燈 高約:63cm 小夜燈 立燈 桌 [roosterburger.taiwan] 12 days ago
    → NT$1,080 流線圓弧形 木雕 帆船燈罩 木質 老品 桌上型 美術燈 檯燈 高約:67cm 小 [roosterburger.taiwan] 12 days ago
  等待 23.8s...
[00:26:58] [7/21] 搜尋: "空氣循環扇" ($500-$3000)
  URL: https://tw.carousell.com/search/%E7%A9%BA%E6%B0%A3%E5%BE%AA%E7%92%B0%E6%89%87?addRecent=false&layered_condition=3%2C4%2C7&price_end=3000&price_start=500&sort_by=3
  頁面標題: 空氣循環扇 - View all 空氣循環扇 ads in Carousell Taiwan
  抓到 48 筆（3天內: 2 筆）
    → NT$2,850 Meetech《雙風球》360° + 360° 雙面淨化循環扇 雙面出風 自動擺 [gitanes3c-store] 9 hours ago
    → NT$630 【幾乎全新】Fujitek 富士電通 8吋渦流空氣循環風扇 (FT-FN260) [bfmaple3729] 1 day ago
  等待 24.3s...
[00:27:29] [8/21] 搜尋: "拍立得" ($500-$5000)
  URL: https://tw.carousell.com/search/%E6%8B%8D%E7%AB%8B%E5%BE%97?addRecent=false&layered_condition=3%2C4%2C7&price_end=5000&price_start=500&sort_by=3
  頁面標題: 拍立得 - View all 拍立得 ads in Carousell Taiwan
  抓到 48 筆（3天內: 15 筆）
    → NT$2,400 富士FUJIFILM 拍立得 instax MINI 12即可拍MININI相機 [jackqw] 4 hours ago
    → NT$2,700 富士 拍立得 instax mini41 台灣公司貨 [c80398] 6 hours ago
    → NT$1,500 富士拍立得 instax mini 9 綠色 [danny01233] 12 hours ago
  等待 15.0s...
[00:27:51] [9/21] 搜尋: "相印機" ($500-$5000)
  URL: https://tw.carousell.com/search/%E7%9B%B8%E5%8D%B0%E6%A9%9F?addRecent=false&layered_condition=3%2C4%2C7&price_end=5000&price_start=500&sort_by=3
  頁面標題: 相印機 - View all 相印機 ads in Carousell Taiwan
  抓到 48 筆（3天內: 1 筆）
    → NT$2,800 Polaroid 寶麗來 手機相片相印機 僅使用過幾次 [hhhhh.22222] 12 days ago
  等待 24.6s...
[00:28:23] [10/21] 搜尋: "VR" ($1000-$5000)
  URL: https://tw.carousell.com/search/VR?addRecent=false&layered_condition=3%2C4%2C7&price_end=5000&price_start=1000&sort_by=3
  頁面標題: VR - View all VR ads in Carousell Taiwan
  抓到 48 筆（3天內: 2 筆）
    → NT$3,500 【蒐機王】Nikon AF-S 18-105mm F3.5-5.6 G ED D [winson999888] 2 days ago
    → NT$5,000 PS4 VR 豪華全配包 豪華全配,頭盔+攝影機+2支棒棒糖+射擊槍 +1片原版 [jacquichiu] 12 days ago
  等待 24.5s...
[00:28:54] [11/21] 搜尋: "露營" ($2000-$10000)
  URL: https://tw.carousell.com/search/%E9%9C%B2%E7%87%9F?addRecent=false&layered_condition=3%2C4%2C7&price_end=10000&price_start=2000&sort_by=3
  頁面標題: 露營 - View all 露營 ads in Carousell Taiwan
  抓到 48 筆（3天內: 10 筆）
    → NT$2,600 Snow Peak 露營椅 露營用具 [jiuwu_95] 7 hours ago
    → NT$7,777 登山包 露營包 戰術包 背包大容量 多口袋 多夾層 大空間 爬山露營 戶外活動 [gmail.tw] 10 hours ago
    → NT$2,200 繁體中文 智能投影機｜房間/露營適用｜內建 Netflix Disney You [duan.she.li] 1 day ago
  等待 18.0s...
[00:29:19] [12/21] 搜尋: "地毯" ($1000-$8000)
  URL: https://tw.carousell.com/search/%E5%9C%B0%E6%AF%AF?addRecent=false&layered_condition=3%2C4%2C7&price_end=8000&price_start=1000&sort_by=3
  頁面標題: 地毯 - View all 地毯 ads in Carousell Taiwan
  抓到 48 筆（3天內: 5 筆）
    → NT$1,500 地毯 [oldyard] 57 minutes ago
    → NT$7,800 f.c.real.bristol BRISTOL TIGER LARGE RUG [pei85311] 7 hours ago
    → NT$1,800 羊毛地毯手工編織法式地毯 [fen00line] 2 days ago
  等待 17.0s...
[00:29:43] [13/21] 搜尋: "優格機" ($500-$3000)
  URL: https://tw.carousell.com/search/%E5%84%AA%E6%A0%BC%E6%A9%9F?addRecent=false&layered_condition=3%2C4%2C7&price_end=3000&price_start=500&sort_by=3
  頁面標題: 優格機 - View all 優格機 ads in Carousell Taiwan
  抓到 35 筆（3天內: 2 筆）
    → NT$1,400 Bruno優格機 [debby.h] 10 hours ago
    → NT$2,200 美膳雅Cuisinart Gelateria 2公升冰淇淋/冷凍優格/義式冰淇淋 [okokmay] 12 days ago
  等待 19.4s...
[00:30:09] [14/21] 跳過: "磨豆機"（本輪隨機跳過）
[00:30:09] [15/21] 跳過: "手沖"（本輪隨機跳過）
[00:30:09] [16/21] 跳過: "除濕機"（本輪隨機跳過）
[00:30:09] [17/21] 搜尋: "dji" ($2000-$25000)
  URL: https://tw.carousell.com/search/dji?addRecent=false&layered_condition=3%2C4%2C7&price_end=25000&price_start=2000&sort_by=3
  頁面標題: dji - View all dji ads in Carousell Taiwan
  抓到 48 筆（3天內: 15 筆）
    → NT$7,880 台灣現貨 大疆dji FPV 穿越機（綠） 主機(無電池)已激活，過保固，穿越機 [mason7667] 6 hours ago
    → NT$9,600 台灣現貨 大疆dji FPV全新未激活主機(無電池)已拆封驗機,未激活 [mason7667] 6 hours ago
    → NT$16,500 台灣現貨 大疆dji FPV全套標準套餐 買到即飛 穿越機 空拍機 航拍機，無人 [mason7667] 6 hours ago
  等待 16.6s...
[00:30:33] [18/21] 搜尋: "insta360" ($2000-$25000)
  URL: https://tw.carousell.com/search/insta360?addRecent=false&layered_condition=3%2C4%2C7&price_end=25000&price_start=2000&sort_by=3
  頁面標題: insta360 - View all insta360 ads in Carousell Taiwan
  抓到 48 筆（3天內: 14 筆）
    → NT$8,000 INSTA360 ACE PRO 雙電池版 運動相機 [jen266508] 2 hours ago
    → NT$8,500 insta360 x3 [gax69371] 9 hours ago
    → NT$13,500 【蒐機王】Insta360 Ace Pro 2 街拍套裝【可用舊3C折抵購買】E [winson999888] 10 hours ago
  等待 16.3s...
[00:30:56] [19/21] 跳過: "果汁機"（本輪隨機跳過）
[00:30:56] [20/21] 跳過: "黑膠"（本輪隨機跳過）
[00:30:56] [21/21] 搜尋: "" ($5000-$10000)
  URL: https://tw.carousell.com/search/?addRecent=false&layered_condition=3%2C4%2C7&price_end=10000&price_start=5000&sort_by=3
  頁面標題: Carousell - Snap to List, Chat to Buy
  抓到 48 筆（3天內: 48 筆）
    → NT$7,999 Asus vivobook(TP401MA)(可私訊議價）Asus vivobo [kwinleekimo] 2 minutes ago
    → NT$5,000 Coach手提/肩背/側背包 [ellie.92] 4 minutes ago
    → NT$5,000 Coach 手提/側背包 [ellie.92] 7 minutes ago
  等待 19.3s...

=== 分類頁（9 個）===
[00:31:22] [1/9] 分類: 家具居家
  URL: https://tw.carousell.com/categories/furniture-home-living-13/?layered_condition=3%2C4%2C7&price_end=5000&price_start=2000
  頁面標題: 全新/二手傢俱家飾買賣｜Carousell 旋轉拍賣
  Sort 按鈕: 找到並點擊
  Recent 選項: 找到並點擊
  抓到 46 筆（3天內: 46 筆）
    → NT$2,200 保境有眠記憶枕 [bomei5688] 3 minutes ago
    → NT$2,280 梳妝台 [oldyard] 47 minutes ago
    → NT$4,500 Aj2 椅凳 [chingching995526] 47 minutes ago
  等待 24.9s...
[00:31:58] [2/9] 分類: 美妝保養
  URL: https://tw.carousell.com/categories/beauty-personal-care-11/?layered_condition=3%2C4%2C7&price_end=5000&price_start=2000
  頁面標題: 全新/二手護膚護髮產品、美妝品、香水買賣｜Carousell 旋轉拍賣
  Sort 按鈕: 找到並點擊
  Recent 選項: 找到並點擊
  抓到 48 筆（3天內: 48 筆）
    → NT$2,000 LOEWE 伊比薩島絢麗假日淡香水100ml [barry9208238278] 8 minutes ago
    → NT$2,000 LOEWE 伊比薩島星幻假日淡香精100ml [barry9208238278] 10 minutes ago
    → NT$2,000 SHIRO Zero Peony Bliss 花舞芍藥香水 [2023mk] 22 minutes ago
  等待 25.0s...
[00:32:35] [3/9] 分類: 精品
  URL: https://tw.carousell.com/categories/luxury-20/?layered_condition=3%2C4%2C7&price_end=5000&price_start=2000
  頁面標題: 全新/二手精品服飾、手錶與包包買賣｜Carousell 旋轉拍賣
  Sort 按鈕: 找到並點擊
  Recent 選項: 找到並點擊
  抓到 46 筆（3天內: 46 筆）
    → NT$3,000 Armani 二手對錶 [orange_067] 29 minutes ago
    → NT$2,000 《下單贈精美小禮》 MICHAEL KORS 小香風 質感車線拉鍊卡片零錢包（玫 [fan7987] 33 minutes ago
    → NT$2,000 CERRUTI. 1881 頂級義大利小牛皮男用短夾 [wildocean_ae2763] 43 minutes ago
  等待 22.5s...
[00:33:09] [4/9] 分類: 手機平板
  URL: https://tw.carousell.com/categories/mobile-phones-gadgets-1091/?layered_condition=3%2C4%2C7&price_end=5000&price_start=2000
  頁面標題: 全新/二手的手機平板買賣｜Carousell 旋轉拍賣
  Sort 按鈕: 找到並點擊
  Recent 選項: 找到並點擊
  抓到 48 筆（3天內: 48 筆）
    → NT$3,100 Samsung Galaxy Tab A11 （4G/64G） WiFi [fastwhale_7a8244] 1 hour ago
    → NT$3,300 Apple watch S7 41mm 🔋 電池91%（沒換過❗️ ） [_chefffff] 1 hour ago
    → NT$4,500 賣Oppo Reno 8 Pro 5g 12g/256g 原廠盒裝.配件，外觀近 [zxas58067] 2 hours ago
  等待 27.6s...
[00:33:48] [5/9] 分類: 家電影音
  URL: https://tw.carousell.com/categories/tv-home-appliances-30/?layered_condition=3%2C4%2C7&price_end=5000&price_start=2000
  頁面標題: 全新/二手廚房電器買賣｜Carousell 旋轉拍賣
  Sort 按鈕: 找到並點擊
  Recent 選項: 找到並點擊
  抓到 48 筆（3天內: 48 筆）
    → NT$2,500 二手SONY32吋電視 , 型號 : KDL-32EX400 , 功能正常 ,  [qqmeomeo-97043] 6 minutes ago
    → NT$2,000 降！！！【全新現貨】Blueair DustMagnet 5400系列 原廠濾網 [zealcat.19321f] 51 minutes ago
    → NT$4,500 【全新品】HITACHI 日立 無線手持吸塵器 PV-X90P (金屬紅) |  [onion1985] 1 hour ago
  等待 27.0s...
[00:34:27] [6/9] 分類: 音響耳機
  URL: https://tw.carousell.com/categories/audio-1600/?layered_condition=3%2C4%2C7&price_end=5000&price_start=2000
  頁面標題: Audio
  Sort 按鈕: 找到並點擊
  Recent 選項: 找到並點擊
  抓到 48 筆（3天內: 48 筆）
    → NT$4,700 Bose QuietComfort 45 無線藍牙 消噪耳機 頭戴式耳機 [zhogood] 26 minutes ago
    → NT$3,100 b&o beoplay p2 可攜式 無線藍牙 喇叭音響 功能正常 支援App連 [zhogood] 28 minutes ago
    → NT$3,000 Sony SRS-XB41 藍牙喇叭 [yuchieh_0.8.6.] 58 minutes ago
  等待 24.5s...
[00:35:03] [7/9] 分類: 相機攝影
  URL: https://tw.carousell.com/categories/photography-6/?layered_condition=3%2C4%2C7&price_end=30000&price_start=5000
  頁面標題: 全新/二手相機、攝影器材買賣｜Carousell 旋轉拍賣
  Sort 按鈕: 找到並點擊
  Recent 選項: 找到並點擊
  抓到 48 筆（3天內: 48 筆）
    → NT$8,000 Zhiyun 智雲 Weebill S 三軸穩定器 [shanoe0] 28 minutes ago
    → NT$5,000 godox（神牛）v860ii for sony TTL閃光燈 [shanoe0] 30 minutes ago
    → NT$6,000 Viltrox AF 56mm F1.4 STM [lyquanhien1996-30466] 2 hours ago
  等待 20.5s...
[00:35:36] [8/9] 分類: 收藏品
  URL: https://tw.carousell.com/categories/collectibles-memorabilia-9/?layered_condition=3%2C4%2C7&price_end=10000&price_start=1000
  頁面標題: 全新/二手古董收藏品買賣｜Carousell 旋轉拍賣
  Sort 按鈕: 找到並點擊
  Recent 選項: 找到並點擊
  抓到 48 筆（3天內: 48 筆）
    → NT$4,000 中華民國38年伍角蕃薯紀念幣~5枚 [ok6862] 50 minutes ago
    → NT$3,950 中華民國101年版壬辰龍年生肖紀念精鑄套幣 中央銀行 [carlycat1688] 1 hour ago
    → NT$1,800 美秀集團多色寶山大王》專輯極樂版｜天地脈動精體神多色能量合一寶塔 （不含CD) [momomodondon] 2 hours ago
  等待 26.3s...
[00:36:15] [9/9] 分類: 音樂媒體
  URL: https://tw.carousell.com/categories/music-media-14/?layered_condition=3%2C4%2C7&price_end=15000&price_start=2000
  頁面標題: 全新/二手樂器、CD、DVD 買賣｜Carousell 旋轉拍賣
  Sort 按鈕: 找到並點擊
  Recent 選項: 找到並點擊
  抓到 48 筆（3天內: 48 筆）
    → NT$2,200 Dunlop 哇哇 GCB95 Cry Baby Wah 效果器 [momi_guitar] 5 minutes ago
    → NT$1,250 Cortis 第一張專輯黑膠！ [a0986717924] 25 minutes ago
    → NT$6,000 A-lin cd=罪惡感(時尚人妻精裝版CD+圍裙， 有親筆簽名） [shopping147258] 1 hour ago
  等待 26.5s...

=== 完成 ===
[00:36:53] 總共 1135 筆（去重 1092，3天內 607 筆）
來源: 21 搜尋 + 9 分類
已寫入 raw_results.json

⚠ 建議暫停的 queries（連續 3+ 輪 0 筆 3 天內商品）：
  ✗ "Samsung Galaxy Watch" — 連續 4 輪沒新貨，上次有貨: 從未

已寫入 query_stats.json
接下來跑: node process.js
